[debatecompetitivo.herokuapp.com/iv_tejo_2022/index.html]
[backblue.gif]
[fade.gif]
[index.html]
[debatecompetitivo.herokuapp.com/iv_tejo_2022/POST]
[debatecompetitivo.herokuapp.com/iv_tejo_2022/index.html]
[debatecompetitivo.herokuapp.com/iv_tejo_2022/tab/speaker/index.html]
[debatecompetitivo.herokuapp.com/iv_tejo_2022/POST.html]
[debatecompetitivo.herokuapp.com/iv_tejo_2022/tab/team/index.html]
[debatecompetitivo.herokuapp.com/iv_tejo_2022/tab/speaker/Avancado/index.html]
[debatecompetitivo.herokuapp.com/iv_tejo_2022/tab/speaker/Iniciado/index.html]
[debatecompetitivo.herokuapp.com/iv_tejo_2022/tab/team/index.html]
[debatecompetitivo.herokuapp.com/iv_tejo_2022/tab/adjudicators/index.html]
[debatecompetitivo.herokuapp.com/iv_tejo_2022/motions/statistics/index.html]
[debatecompetitivo.herokuapp.com/iv_tejo_2022/checkins/status/people/index.html]
[debatecompetitivo.herokuapp.com/iv_tejo_2022/results/round/1/index.html]
[debatecompetitivo.herokuapp.com/iv_tejo_2022/results/round/2/index.html]
[debatecompetitivo.herokuapp.com/iv_tejo_2022/tab/speaker/index.html]
[debatecompetitivo.herokuapp.com/iv_tejo_2022/results/round/4/index.html]
[debatecompetitivo.herokuapp.com/iv_tejo_2022/results/round/3/index.html]
[debatecompetitivo.herokuapp.com/iv_tejo_2022/results/round/6/index.html]
[debatecompetitivo.herokuapp.com/iv_tejo_2022/results/round/5/index.html]
[debatecompetitivo.herokuapp.com/iv_tejo_2022/tab/speaker/Avancado/POST.3.delayed]
[debatecompetitivo.herokuapp.com/iv_tejo_2022/tab/speaker/Avancado/index.html]
[debatecompetitivo.herokuapp.com/iv_tejo_2022/results/round/7/index.html]
[debatecompetitivo.herokuapp.com/iv_tejo_2022/results/round/8/index.html]
[debatecompetitivo.herokuapp.com/iv_tejo_2022/participants/list/index.html]
[debatecompetitivo.herokuapp.com/iv_tejo_2022/results/index.html]
[debatecompetitivo.herokuapp.com/iv_tejo_2022/motions/index.html]
[debatecompetitivo.herokuapp.com/iv_tejo_2022/donations/index.html]
[debatecompetitivo.herokuapp.com/iv_tejo_2022/tab/speaker/Iniciado/POST.4.delayed]
[debatecompetitivo.herokuapp.com/iv_tejo_2022/tab/speaker/Iniciado/index.html]
[debatecompetitivo.herokuapp.com/iv_tejo_2022/tab/team/POST/index.html]
[debatecompetitivo.herokuapp.com/iv_tejo_2022/tab/adjudicators/POST]
[debatecompetitivo.herokuapp.com/iv_tejo_2022/tab/speaker/POST/index.html]
[debatecompetitivo.herokuapp.com/iv_tejo_2022/tab/adjudicators/index.html]
[debatecompetitivo.herokuapp.com/iv_tejo_2022/motions/statistics/POST]
[debatecompetitivo.herokuapp.com/iv_tejo_2022/motions/statistics/index.html]
[debatecompetitivo.herokuapp.com/iv_tejo_2022/checkins/status/people/POST]
[debatecompetitivo.herokuapp.com/iv_tejo_2022/checkins/status/people/index.html]
[debatecompetitivo.herokuapp.com/iv_tejo_2022/results/round/1/POST]
[debatecompetitivo.herokuapp.com/iv_tejo_2022/results/round/1/index.html]
[debatecompetitivo.herokuapp.com/iv_tejo_2022/results/round/2/POST]
[debatecompetitivo.herokuapp.com/iv_tejo_2022/results/round/2/index.html]
[debatecompetitivo.herokuapp.com/iv_tejo_2022/results/round/1/index95e1.html]
[debatecompetitivo.herokuapp.com/iv_tejo_2022/results/round/1/index47c9.html]
[debatecompetitivo.herokuapp.com/iv_tejo_2022/results/round/2/index95e1.html]
[debatecompetitivo.herokuapp.com/iv_tejo_2022/results/round/2/index47c9.html]
[debatecompetitivo.herokuapp.com/iv_tejo_2022/results/round/3/POST.a.delayed]
[debatecompetitivo.herokuapp.com/iv_tejo_2022/results/round/3/index.html]
[debatecompetitivo.herokuapp.com/iv_tejo_2022/results/round/4/POST.b.delayed]
[debatecompetitivo.herokuapp.com/iv_tejo_2022/results/round/4/index.html]
[debatecompetitivo.herokuapp.com/iv_tejo_2022/results/round/3/index95e1.html]
[debatecompetitivo.herokuapp.com/iv_tejo_2022/results/round/3/index47c9.html]
[debatecompetitivo.herokuapp.com/iv_tejo_2022/results/round/4/index95e1.html]
[debatecompetitivo.herokuapp.com/iv_tejo_2022/results/round/4/index47c9.html]
[debatecompetitivo.herokuapp.com/iv_tejo_2022/results/round/5/POST.c.delayed]
[debatecompetitivo.herokuapp.com/iv_tejo_2022/results/round/5/index.html]
[debatecompetitivo.herokuapp.com/iv_tejo_2022/results/round/5/index95e1.html]
[debatecompetitivo.herokuapp.com/iv_tejo_2022/results/round/6/POST.d.delayed]
[debatecompetitivo.herokuapp.com/iv_tejo_2022/results/round/6/index.html]
[debatecompetitivo.herokuapp.com/iv_tejo_2022/results/round/5/index47c9.html]
[debatecompetitivo.herokuapp.com/iv_tejo_2022/results/round/6/index95e1.html]
[debatecompetitivo.herokuapp.com/iv_tejo_2022/results/round/6/index47c9.html]
[debatecompetitivo.herokuapp.com/iv_tejo_2022/results/round/7/POST.e.delayed]
[debatecompetitivo.herokuapp.com/iv_tejo_2022/results/round/7/index.html]
[debatecompetitivo.herokuapp.com/iv_tejo_2022/results/round/8/POST]
[debatecompetitivo.herokuapp.com/iv_tejo_2022/results/round/8/index.html]
[debatecompetitivo.herokuapp.com/iv_tejo_2022/results/round/7/index95e1.html]
[debatecompetitivo.herokuapp.com/iv_tejo_2022/results/round/7/index47c9.html]
[debatecompetitivo.herokuapp.com/iv_tejo_2022/results/round/8/index47c9.html]
[debatecompetitivo.herokuapp.com/iv_tejo_2022/results/round/8/index95e1.html]
[debatecompetitivo.herokuapp.com/iv_tejo_2022/participants/list/POST.10.delayed]
[debatecompetitivo.herokuapp.com/iv_tejo_2022/participants/list/index.html]
[debatecompetitivo.herokuapp.com/iv_tejo_2022/results/POST]
[debatecompetitivo.herokuapp.com/iv_tejo_2022/results/index.html]
[debatecompetitivo.herokuapp.com/iv_tejo_2022/motions/POST]
[debatecompetitivo.herokuapp.com/iv_tejo_2022/motions/index.html]
[debatecompetitivo.herokuapp.com/iv_tejo_2022/donations/POST]
[debatecompetitivo.herokuapp.com/iv_tejo_2022/donations/index.html]
[debatecompetitivo.herokuapp.com/iv_tejo_2022/tab/team/POST/index.html]
[debatecompetitivo.herokuapp.com/iv_tejo_2022/tab/speaker/POST/index.html]
[debatecompetitivo.herokuapp.com/iv_tejo_2022/tab/speaker/Avancado/POST.html]
[debatecompetitivo.herokuapp.com/iv_tejo_2022/tab/speaker/Iniciado/POST.html]
[debatecompetitivo.herokuapp.com/iv_tejo_2022/tab/adjudicators/POST.html]
[debatecompetitivo.herokuapp.com/iv_tejo_2022/motions/statistics/POST.html]
[debatecompetitivo.herokuapp.com/iv_tejo_2022/checkins/status/people/POST.html]
[debatecompetitivo.herokuapp.com/iv_tejo_2022/results/round/1/POST.html]
[debatecompetitivo.herokuapp.com/iv_tejo_2022/results/round/1/index95e1.html]
[debatecompetitivo.herokuapp.com/iv_tejo_2022/results/round/1/index47c9.html]
[debatecompetitivo.herokuapp.com/iv_tejo_2022/results/round/2/POST.html]
[debatecompetitivo.herokuapp.com/iv_tejo_2022/results/round/2/index95e1.html]
[debatecompetitivo.herokuapp.com/iv_tejo_2022/results/round/2/index47c9.html]
[debatecompetitivo.herokuapp.com/iv_tejo_2022/results/round/3/POST.html]
[debatecompetitivo.herokuapp.com/iv_tejo_2022/results/round/3/index95e1.html]
[debatecompetitivo.herokuapp.com/iv_tejo_2022/results/round/3/index47c9.html]
[debatecompetitivo.herokuapp.com/iv_tejo_2022/results/round/4/POST.html]
[debatecompetitivo.herokuapp.com/iv_tejo_2022/results/round/4/index95e1.html]
[debatecompetitivo.herokuapp.com/iv_tejo_2022/results/round/4/index47c9.html]
[debatecompetitivo.herokuapp.com/iv_tejo_2022/results/round/5/POST.html]
[debatecompetitivo.herokuapp.com/iv_tejo_2022/results/round/5/index95e1.html]
[debatecompetitivo.herokuapp.com/iv_tejo_2022/results/round/5/index47c9.html]
[debatecompetitivo.herokuapp.com/iv_tejo_2022/results/round/6/POST.html]
[debatecompetitivo.herokuapp.com/iv_tejo_2022/results/round/6/index95e1.html]
[debatecompetitivo.herokuapp.com/iv_tejo_2022/results/round/6/index47c9.html]
[debatecompetitivo.herokuapp.com/iv_tejo_2022/results/round/7/POST.html]
[debatecompetitivo.herokuapp.com/iv_tejo_2022/results/round/7/index95e1.html]
[debatecompetitivo.herokuapp.com/iv_tejo_2022/results/round/7/index47c9.html]
[debatecompetitivo.herokuapp.com/iv_tejo_2022/results/round/8/POST.html]
[debatecompetitivo.herokuapp.com/iv_tejo_2022/results/round/8/index95e1.html]
[debatecompetitivo.herokuapp.com/iv_tejo_2022/results/round/8/index47c9.html]
[debatecompetitivo.herokuapp.com/iv_tejo_2022/participants/list/POST.html]
[debatecompetitivo.herokuapp.com/iv_tejo_2022/results/POST.html]
[debatecompetitivo.herokuapp.com/iv_tejo_2022/motions/POST.html]
[debatecompetitivo.herokuapp.com/iv_tejo_2022/donations/POST.html]
