[debatecompetitivo.herokuapp.com/torneio_uc_2022/index.html]
[backblue.gif]
[fade.gif]
[index.html]
[debatecompetitivo.herokuapp.com/torneio_uc_2022/POST]
[debatecompetitivo.herokuapp.com/torneio_uc_2022/index.html]
[debatecompetitivo.herokuapp.com/torneio_uc_2022/tab/speaker/index.html]
[debatecompetitivo.herokuapp.com/torneio_uc_2022/tab/team/index.html]
[debatecompetitivo.herokuapp.com/torneio_uc_2022/POST.html]
[debatecompetitivo.herokuapp.com/torneio_uc_2022/motions/statistics/index.html]
[debatecompetitivo.herokuapp.com/torneio_uc_2022/results/round/1/index.html]
[debatecompetitivo.herokuapp.com/torneio_uc_2022/tab/team/index.html]
[debatecompetitivo.herokuapp.com/torneio_uc_2022/results/round/2/index.html]
[debatecompetitivo.herokuapp.com/torneio_uc_2022/results/round/3/index.html]
[debatecompetitivo.herokuapp.com/torneio_uc_2022/results/round/4/index.html]
[debatecompetitivo.herokuapp.com/torneio_uc_2022/tab/diversity/index.html]
[debatecompetitivo.herokuapp.com/torneio_uc_2022/participants/list/index.html]
[debatecompetitivo.herokuapp.com/torneio_uc_2022/results/index.html]
[debatecompetitivo.herokuapp.com/torneio_uc_2022/tab/speaker/index.html]
[debatecompetitivo.herokuapp.com/torneio_uc_2022/motions/index.html]
[debatecompetitivo.herokuapp.com/torneio_uc_2022/donations/index.html]
[debatecompetitivo.herokuapp.com/torneio_uc_2022/tab/team/POST/index.html]
[debatecompetitivo.herokuapp.com/torneio_uc_2022/tab/speaker/POST/index.html]
[debatecompetitivo.herokuapp.com/torneio_uc_2022/motions/statistics/POST.3.delayed]
[debatecompetitivo.herokuapp.com/torneio_uc_2022/motions/statistics/index.html]
[debatecompetitivo.herokuapp.com/torneio_uc_2022/results/round/1/POST]
[debatecompetitivo.herokuapp.com/torneio_uc_2022/results/round/1/index.html]
[debatecompetitivo.herokuapp.com/torneio_uc_2022/results/round/2/POST.5.delayed]
[debatecompetitivo.herokuapp.com/torneio_uc_2022/results/round/2/index.html]
[debatecompetitivo.herokuapp.com/torneio_uc_2022/results/round/1/index47c9.html]
[debatecompetitivo.herokuapp.com/torneio_uc_2022/results/round/2/index95e1.html]
[debatecompetitivo.herokuapp.com/torneio_uc_2022/results/round/2/index47c9.html]
[debatecompetitivo.herokuapp.com/torneio_uc_2022/results/round/1/index95e1.html]
[debatecompetitivo.herokuapp.com/torneio_uc_2022/results/round/3/POST.6.delayed]
[debatecompetitivo.herokuapp.com/torneio_uc_2022/results/round/3/index.html]
[debatecompetitivo.herokuapp.com/torneio_uc_2022/results/round/3/index95e1.html]
[debatecompetitivo.herokuapp.com/torneio_uc_2022/results/round/4/POST.7.delayed]
[debatecompetitivo.herokuapp.com/torneio_uc_2022/results/round/4/index.html]
[debatecompetitivo.herokuapp.com/torneio_uc_2022/results/round/3/index47c9.html]
[debatecompetitivo.herokuapp.com/torneio_uc_2022/tab/diversity/POST.8.delayed]
[debatecompetitivo.herokuapp.com/torneio_uc_2022/tab/diversity/index.html]
[debatecompetitivo.herokuapp.com/torneio_uc_2022/results/round/4/index95e1.html]
[debatecompetitivo.herokuapp.com/torneio_uc_2022/participants/list/POST]
[debatecompetitivo.herokuapp.com/torneio_uc_2022/participants/list/index.html]
[debatecompetitivo.herokuapp.com/torneio_uc_2022/results/round/4/index47c9.html]
[debatecompetitivo.herokuapp.com/torneio_uc_2022/results/POST]
[debatecompetitivo.herokuapp.com/torneio_uc_2022/results/index.html]
[debatecompetitivo.herokuapp.com/torneio_uc_2022/motions/POST]
[debatecompetitivo.herokuapp.com/torneio_uc_2022/motions/index.html]
[debatecompetitivo.herokuapp.com/torneio_uc_2022/donations/POST]
[debatecompetitivo.herokuapp.com/torneio_uc_2022/donations/index.html]
[debatecompetitivo.herokuapp.com/torneio_uc_2022/tab/team/POST/index.html]
[debatecompetitivo.herokuapp.com/torneio_uc_2022/tab/speaker/POST/index.html]
[debatecompetitivo.herokuapp.com/torneio_uc_2022/motions/statistics/POST.html]
[debatecompetitivo.herokuapp.com/torneio_uc_2022/results/round/1/POST.html]
[debatecompetitivo.herokuapp.com/torneio_uc_2022/results/round/1/index95e1.html]
[debatecompetitivo.herokuapp.com/torneio_uc_2022/results/round/1/index47c9.html]
[debatecompetitivo.herokuapp.com/torneio_uc_2022/results/round/2/POST.html]
[debatecompetitivo.herokuapp.com/torneio_uc_2022/results/round/2/index95e1.html]
[debatecompetitivo.herokuapp.com/torneio_uc_2022/results/round/2/index47c9.html]
[debatecompetitivo.herokuapp.com/torneio_uc_2022/results/round/3/POST.html]
[debatecompetitivo.herokuapp.com/torneio_uc_2022/results/round/3/index95e1.html]
[debatecompetitivo.herokuapp.com/torneio_uc_2022/results/round/3/index47c9.html]
[debatecompetitivo.herokuapp.com/torneio_uc_2022/results/round/4/POST.html]
[debatecompetitivo.herokuapp.com/torneio_uc_2022/results/round/4/index95e1.html]
[debatecompetitivo.herokuapp.com/torneio_uc_2022/results/round/4/index47c9.html]
[debatecompetitivo.herokuapp.com/torneio_uc_2022/tab/diversity/POST.html]
[debatecompetitivo.herokuapp.com/torneio_uc_2022/participants/list/POST.html]
[debatecompetitivo.herokuapp.com/torneio_uc_2022/results/POST.html]
[debatecompetitivo.herokuapp.com/torneio_uc_2022/motions/POST.html]
[debatecompetitivo.herokuapp.com/torneio_uc_2022/donations/POST.html]
