[debatecompetitivo.herokuapp.com/internoadaum24/index.html]
[backblue.gif]
[fade.gif]
[index.html]
[debatecompetitivo.herokuapp.com/internoadaum24/POST]
[debatecompetitivo.herokuapp.com/internoadaum24/index.html]
[debatecompetitivo.herokuapp.com/internoadaum24/results/round/1/index.html]
[debatecompetitivo.herokuapp.com/internoadaum24/results/round/2/index.html]
[debatecompetitivo.herokuapp.com/internoadaum24/POST.html]
[debatecompetitivo.herokuapp.com/internoadaum24/motions/index.html]
[debatecompetitivo.herokuapp.com/internoadaum24/results/round/3/index.html]
[debatecompetitivo.herokuapp.com/internoadaum24/results/round/1/POST.1.delayed]
[debatecompetitivo.herokuapp.com/internoadaum24/results/round/1/index.html]
[debatecompetitivo.herokuapp.com/internoadaum24/tab/current-standings/index.html]
[debatecompetitivo.herokuapp.com/internoadaum24/donations/index.html]
[debatecompetitivo.herokuapp.com/internoadaum24/results/index.html]
[debatecompetitivo.herokuapp.com/internoadaum24/results/round/2/POST]
[debatecompetitivo.herokuapp.com/internoadaum24/results/round/2/index.html]
[debatecompetitivo.herokuapp.com/internoadaum24/results/round/1/index95e1.html]
[debatecompetitivo.herokuapp.com/internoadaum24/results/round/1/index47c9.html]
[debatecompetitivo.herokuapp.com/internoadaum24/results/round/2/index47c9.html]
[debatecompetitivo.herokuapp.com/internoadaum24/results/round/2/index95e1.html]
[debatecompetitivo.herokuapp.com/internoadaum24/results/round/3/POST.3.delayed]
[debatecompetitivo.herokuapp.com/internoadaum24/results/round/3/index.html]
[debatecompetitivo.herokuapp.com/internoadaum24/results/round/3/index95e1.html]
[debatecompetitivo.herokuapp.com/internoadaum24/results/round/3/index47c9.html]
[debatecompetitivo.herokuapp.com/internoadaum24/motions/POST.4.delayed]
[debatecompetitivo.herokuapp.com/internoadaum24/motions/index.html]
[debatecompetitivo.herokuapp.com/internoadaum24/tab/current-standings/POST]
[debatecompetitivo.herokuapp.com/internoadaum24/tab/current-standings/index.html]
[debatecompetitivo.herokuapp.com/internoadaum24/results/POST]
[debatecompetitivo.herokuapp.com/internoadaum24/results/index.html]
[debatecompetitivo.herokuapp.com/internoadaum24/donations/POST]
[debatecompetitivo.herokuapp.com/internoadaum24/donations/index.html]
[debatecompetitivo.herokuapp.com/internoadaum24/results/round/1/POST.html]
[debatecompetitivo.herokuapp.com/internoadaum24/results/round/1/index95e1.html]
[debatecompetitivo.herokuapp.com/internoadaum24/results/round/1/index47c9.html]
[debatecompetitivo.herokuapp.com/internoadaum24/results/round/2/POST.html]
[debatecompetitivo.herokuapp.com/internoadaum24/results/round/2/index95e1.html]
[debatecompetitivo.herokuapp.com/internoadaum24/results/round/2/index47c9.html]
[debatecompetitivo.herokuapp.com/internoadaum24/results/round/3/POST.html]
[debatecompetitivo.herokuapp.com/internoadaum24/results/round/3/index95e1.html]
[debatecompetitivo.herokuapp.com/internoadaum24/results/round/3/index47c9.html]
[debatecompetitivo.herokuapp.com/internoadaum24/motions/POST.html]
[debatecompetitivo.herokuapp.com/internoadaum24/tab/current-standings/POST.html]
[debatecompetitivo.herokuapp.com/internoadaum24/results/POST.html]
[debatecompetitivo.herokuapp.com/internoadaum24/donations/POST.html]
