[debatecompetitivo.herokuapp.com/vii-tduc/index.html]
[backblue.gif]
[fade.gif]
[index.html]
[debatecompetitivo.herokuapp.com/vii-tduc/POST]
[debatecompetitivo.herokuapp.com/vii-tduc/index.html]
[debatecompetitivo.herokuapp.com/vii-tduc/tab/speaker/index.html]
[debatecompetitivo.herokuapp.com/vii-tduc/POST.html]
[debatecompetitivo.herokuapp.com/vii-tduc/tab/team/index.html]
[debatecompetitivo.herokuapp.com/vii-tduc/motions/statistics/index.html]
[debatecompetitivo.herokuapp.com/vii-tduc/results/round/1/index.html]
[debatecompetitivo.herokuapp.com/vii-tduc/tab/team/index.html]
[debatecompetitivo.herokuapp.com/vii-tduc/results/round/2/index.html]
[debatecompetitivo.herokuapp.com/vii-tduc/results/round/3/index.html]
[debatecompetitivo.herokuapp.com/vii-tduc/results/round/4/index.html]
[debatecompetitivo.herokuapp.com/vii-tduc/results/round/5/index.html]
[debatecompetitivo.herokuapp.com/vii-tduc/break/teams/open/index.html]
[debatecompetitivo.herokuapp.com/vii-tduc/tab/speaker/index.html]
[debatecompetitivo.herokuapp.com/vii-tduc/break/adjudicators/index.html]
[debatecompetitivo.herokuapp.com/vii-tduc/participants/list/index.html]
[debatecompetitivo.herokuapp.com/vii-tduc/tab/diversity/index.html]
[debatecompetitivo.herokuapp.com/vii-tduc/results/index.html]
[debatecompetitivo.herokuapp.com/vii-tduc/motions/statistics/POST.3.delayed]
[debatecompetitivo.herokuapp.com/vii-tduc/motions/statistics/index.html]
[debatecompetitivo.herokuapp.com/vii-tduc/motions/index.html]
[debatecompetitivo.herokuapp.com/vii-tduc/donations/index.html]
[debatecompetitivo.herokuapp.com/vii-tduc/tab/team/POST/index.html]
[debatecompetitivo.herokuapp.com/vii-tduc/tab/speaker/POST/index.html]
[debatecompetitivo.herokuapp.com/vii-tduc/results/round/1/POST]
[debatecompetitivo.herokuapp.com/vii-tduc/results/round/1/index.html]
[debatecompetitivo.herokuapp.com/vii-tduc/results/round/2/POST]
[debatecompetitivo.herokuapp.com/vii-tduc/results/round/2/index.html]
[debatecompetitivo.herokuapp.com/vii-tduc/results/round/1/index95e1.html]
[debatecompetitivo.herokuapp.com/vii-tduc/results/round/1/index47c9.html]
[debatecompetitivo.herokuapp.com/vii-tduc/results/round/2/index95e1.html]
[debatecompetitivo.herokuapp.com/vii-tduc/results/round/2/index47c9.html]
[debatecompetitivo.herokuapp.com/vii-tduc/results/round/3/POST.6.delayed]
[debatecompetitivo.herokuapp.com/vii-tduc/results/round/3/index.html]
[debatecompetitivo.herokuapp.com/vii-tduc/results/round/4/POST.7.delayed]
[debatecompetitivo.herokuapp.com/vii-tduc/results/round/4/index.html]
[debatecompetitivo.herokuapp.com/vii-tduc/results/round/3/index95e1.html]
[debatecompetitivo.herokuapp.com/vii-tduc/results/round/3/index47c9.html]
[debatecompetitivo.herokuapp.com/vii-tduc/results/round/4/index95e1.html]
[debatecompetitivo.herokuapp.com/vii-tduc/results/round/4/index47c9.html]
[debatecompetitivo.herokuapp.com/vii-tduc/results/round/5/POST.8.delayed]
[debatecompetitivo.herokuapp.com/vii-tduc/results/round/5/index.html]
[debatecompetitivo.herokuapp.com/vii-tduc/results/round/5/index95e1.html]
[debatecompetitivo.herokuapp.com/vii-tduc/break/teams/open/POST.9.delayed]
[debatecompetitivo.herokuapp.com/vii-tduc/break/teams/open/index.html]
[debatecompetitivo.herokuapp.com/vii-tduc/results/round/5/index47c9.html]
[debatecompetitivo.herokuapp.com/vii-tduc/break/adjudicators/POST]
[debatecompetitivo.herokuapp.com/vii-tduc/break/adjudicators/index.html]
[debatecompetitivo.herokuapp.com/vii-tduc/tab/diversity/POST]
[debatecompetitivo.herokuapp.com/vii-tduc/tab/diversity/index.html]
[debatecompetitivo.herokuapp.com/vii-tduc/participants/list/POST]
[debatecompetitivo.herokuapp.com/vii-tduc/participants/list/index.html]
[debatecompetitivo.herokuapp.com/vii-tduc/results/POST]
[debatecompetitivo.herokuapp.com/vii-tduc/results/index.html]
[debatecompetitivo.herokuapp.com/vii-tduc/motions/POST]
[debatecompetitivo.herokuapp.com/vii-tduc/motions/index.html]
[debatecompetitivo.herokuapp.com/vii-tduc/donations/POST]
[debatecompetitivo.herokuapp.com/vii-tduc/donations/index.html]
[debatecompetitivo.herokuapp.com/vii-tduc/tab/team/POST/index.html]
[debatecompetitivo.herokuapp.com/vii-tduc/tab/speaker/POST/index.html]
[debatecompetitivo.herokuapp.com/vii-tduc/motions/statistics/POST.html]
[debatecompetitivo.herokuapp.com/vii-tduc/results/round/1/POST.html]
[debatecompetitivo.herokuapp.com/vii-tduc/results/round/1/index95e1.html]
[debatecompetitivo.herokuapp.com/vii-tduc/results/round/1/index47c9.html]
[debatecompetitivo.herokuapp.com/vii-tduc/results/round/2/POST.html]
[debatecompetitivo.herokuapp.com/vii-tduc/results/round/2/index95e1.html]
[debatecompetitivo.herokuapp.com/vii-tduc/results/round/2/index47c9.html]
[debatecompetitivo.herokuapp.com/vii-tduc/results/round/3/POST.html]
[debatecompetitivo.herokuapp.com/vii-tduc/results/round/3/index95e1.html]
[debatecompetitivo.herokuapp.com/vii-tduc/results/round/3/index47c9.html]
[debatecompetitivo.herokuapp.com/vii-tduc/results/round/4/POST.html]
[debatecompetitivo.herokuapp.com/vii-tduc/results/round/4/index95e1.html]
[debatecompetitivo.herokuapp.com/vii-tduc/results/round/4/index47c9.html]
[debatecompetitivo.herokuapp.com/vii-tduc/results/round/5/POST.html]
[debatecompetitivo.herokuapp.com/vii-tduc/results/round/5/index95e1.html]
[debatecompetitivo.herokuapp.com/vii-tduc/results/round/5/index47c9.html]
[debatecompetitivo.herokuapp.com/vii-tduc/break/teams/open/POST.html]
[debatecompetitivo.herokuapp.com/vii-tduc/break/adjudicators/POST.html]
[debatecompetitivo.herokuapp.com/vii-tduc/tab/diversity/POST.html]
[debatecompetitivo.herokuapp.com/vii-tduc/participants/list/POST.html]
[debatecompetitivo.herokuapp.com/vii-tduc/results/POST.html]
[debatecompetitivo.herokuapp.com/vii-tduc/motions/POST.html]
[debatecompetitivo.herokuapp.com/vii-tduc/donations/POST.html]
