[debatecompetitivo.herokuapp.com/internoadaum2023/index.html]
[backblue.gif]
[fade.gif]
[index.html]
[debatecompetitivo.herokuapp.com/internoadaum2023/POST]
[debatecompetitivo.herokuapp.com/internoadaum2023/index.html]
[debatecompetitivo.herokuapp.com/internoadaum2023/tab/team/index.html]
[debatecompetitivo.herokuapp.com/internoadaum2023/tab/speaker/index.html]
[debatecompetitivo.herokuapp.com/internoadaum2023/POST.html]
[debatecompetitivo.herokuapp.com/internoadaum2023/motions/statistics/index.html]
[debatecompetitivo.herokuapp.com/internoadaum2023/results/round/1/index.html]
[debatecompetitivo.herokuapp.com/internoadaum2023/results/round/3/index.html]
[debatecompetitivo.herokuapp.com/internoadaum2023/results/round/2/index.html]
[debatecompetitivo.herokuapp.com/internoadaum2023/tab/team/index.html]
[debatecompetitivo.herokuapp.com/internoadaum2023/results/round/4/index.html]
[debatecompetitivo.herokuapp.com/internoadaum2023/results/round/8/index.html]
[debatecompetitivo.herokuapp.com/internoadaum2023/break/adjudicators/index.html]
[debatecompetitivo.herokuapp.com/internoadaum2023/break/teams/open/index.html]
[debatecompetitivo.herokuapp.com/internoadaum2023/tab/speaker/index.html]
[debatecompetitivo.herokuapp.com/internoadaum2023/participants/list/index.html]
[debatecompetitivo.herokuapp.com/internoadaum2023/draw/round/1/index.html]
[debatecompetitivo.herokuapp.com/internoadaum2023/results/index.html]
[debatecompetitivo.herokuapp.com/internoadaum2023/draw/round/2/index.html]
[debatecompetitivo.herokuapp.com/internoadaum2023/motions/statistics/POST.3.delayed]
[debatecompetitivo.herokuapp.com/internoadaum2023/motions/statistics/index.html]
[debatecompetitivo.herokuapp.com/internoadaum2023/draw/round/3/index.html]
[debatecompetitivo.herokuapp.com/internoadaum2023/draw/round/8/index.html]
[debatecompetitivo.herokuapp.com/internoadaum2023/draw/round/4/index.html]
[debatecompetitivo.herokuapp.com/internoadaum2023/donations/index.html]
[debatecompetitivo.herokuapp.com/internoadaum2023/tab/team/POST/index.html]
[debatecompetitivo.herokuapp.com/internoadaum2023/results/round/1/POST.4.delayed]
[debatecompetitivo.herokuapp.com/internoadaum2023/results/round/1/index.html]
[debatecompetitivo.herokuapp.com/internoadaum2023/tab/speaker/POST/index.html]
[debatecompetitivo.herokuapp.com/internoadaum2023/results/round/1/index95e1.html]
[debatecompetitivo.herokuapp.com/internoadaum2023/results/round/2/POST.5.delayed]
[debatecompetitivo.herokuapp.com/internoadaum2023/results/round/2/index.html]
[debatecompetitivo.herokuapp.com/internoadaum2023/results/round/3/POST]
[debatecompetitivo.herokuapp.com/internoadaum2023/results/round/3/index.html]
[debatecompetitivo.herokuapp.com/internoadaum2023/results/round/1/index47c9.html]
[debatecompetitivo.herokuapp.com/internoadaum2023/results/round/2/index95e1.html]
[debatecompetitivo.herokuapp.com/internoadaum2023/results/round/2/index47c9.html]
[debatecompetitivo.herokuapp.com/internoadaum2023/results/round/3/index95e1.html]
[debatecompetitivo.herokuapp.com/internoadaum2023/results/round/4/POST.7.delayed]
[debatecompetitivo.herokuapp.com/internoadaum2023/results/round/4/index.html]
[debatecompetitivo.herokuapp.com/internoadaum2023/results/round/3/index47c9.html]
[debatecompetitivo.herokuapp.com/internoadaum2023/results/round/8/POST.8.delayed]
[debatecompetitivo.herokuapp.com/internoadaum2023/results/round/8/index.html]
[debatecompetitivo.herokuapp.com/internoadaum2023/results/round/4/index95e1.html]
[debatecompetitivo.herokuapp.com/internoadaum2023/results/round/4/index47c9.html]
[debatecompetitivo.herokuapp.com/internoadaum2023/results/round/8/index95e1.html]
[debatecompetitivo.herokuapp.com/internoadaum2023/results/round/8/index47c9.html]
[debatecompetitivo.herokuapp.com/internoadaum2023/break/teams/open/POST.9.delayed]
[debatecompetitivo.herokuapp.com/internoadaum2023/break/teams/open/index.html]
[debatecompetitivo.herokuapp.com/internoadaum2023/break/adjudicators/POST]
[debatecompetitivo.herokuapp.com/internoadaum2023/break/adjudicators/index.html]
[debatecompetitivo.herokuapp.com/internoadaum2023/participants/list/POST]
[debatecompetitivo.herokuapp.com/internoadaum2023/participants/list/index.html]
[debatecompetitivo.herokuapp.com/internoadaum2023/results/POST]
[debatecompetitivo.herokuapp.com/internoadaum2023/results/index.html]
[debatecompetitivo.herokuapp.com/internoadaum2023/draw/round/1/POST]
[debatecompetitivo.herokuapp.com/internoadaum2023/draw/round/1/index.html]
[debatecompetitivo.herokuapp.com/internoadaum2023/draw/round/2/POST]
[debatecompetitivo.herokuapp.com/internoadaum2023/draw/round/2/index.html]
[debatecompetitivo.herokuapp.com/internoadaum2023/draw/round/3/POST]
[debatecompetitivo.herokuapp.com/internoadaum2023/draw/round/3/index.html]
[debatecompetitivo.herokuapp.com/internoadaum2023/draw/round/4/POST]
[debatecompetitivo.herokuapp.com/internoadaum2023/draw/round/4/index.html]
[debatecompetitivo.herokuapp.com/internoadaum2023/draw/round/8/POST]
[debatecompetitivo.herokuapp.com/internoadaum2023/draw/round/8/index.html]
[debatecompetitivo.herokuapp.com/internoadaum2023/donations/POST]
[debatecompetitivo.herokuapp.com/internoadaum2023/donations/index.html]
[debatecompetitivo.herokuapp.com/internoadaum2023/tab/team/POST/index.html]
[debatecompetitivo.herokuapp.com/internoadaum2023/tab/speaker/POST/index.html]
[debatecompetitivo.herokuapp.com/internoadaum2023/motions/statistics/POST.html]
[debatecompetitivo.herokuapp.com/internoadaum2023/results/round/1/POST.html]
[debatecompetitivo.herokuapp.com/internoadaum2023/results/round/1/index95e1.html]
[debatecompetitivo.herokuapp.com/internoadaum2023/results/round/1/index47c9.html]
[debatecompetitivo.herokuapp.com/internoadaum2023/results/round/2/POST.html]
[debatecompetitivo.herokuapp.com/internoadaum2023/results/round/2/index95e1.html]
[debatecompetitivo.herokuapp.com/internoadaum2023/results/round/2/index47c9.html]
[debatecompetitivo.herokuapp.com/internoadaum2023/results/round/3/POST.html]
[debatecompetitivo.herokuapp.com/internoadaum2023/results/round/3/index95e1.html]
[debatecompetitivo.herokuapp.com/internoadaum2023/results/round/3/index47c9.html]
[debatecompetitivo.herokuapp.com/internoadaum2023/results/round/4/POST.html]
[debatecompetitivo.herokuapp.com/internoadaum2023/results/round/4/index95e1.html]
[debatecompetitivo.herokuapp.com/internoadaum2023/results/round/4/index47c9.html]
[debatecompetitivo.herokuapp.com/internoadaum2023/results/round/8/POST.html]
[debatecompetitivo.herokuapp.com/internoadaum2023/results/round/8/index95e1.html]
[debatecompetitivo.herokuapp.com/internoadaum2023/results/round/8/index47c9.html]
[debatecompetitivo.herokuapp.com/internoadaum2023/break/teams/open/POST.html]
[debatecompetitivo.herokuapp.com/internoadaum2023/break/adjudicators/POST.html]
[debatecompetitivo.herokuapp.com/internoadaum2023/participants/list/POST.html]
[debatecompetitivo.herokuapp.com/internoadaum2023/results/POST.html]
[debatecompetitivo.herokuapp.com/internoadaum2023/draw/round/1/POST.html]
[debatecompetitivo.herokuapp.com/internoadaum2023/draw/round/2/POST.html]
[debatecompetitivo.herokuapp.com/internoadaum2023/draw/round/3/POST.html]
[debatecompetitivo.herokuapp.com/internoadaum2023/draw/round/4/POST.html]
[debatecompetitivo.herokuapp.com/internoadaum2023/draw/round/8/POST.html]
[debatecompetitivo.herokuapp.com/internoadaum2023/donations/POST.html]
