[debatecompetitivo.herokuapp.com/open_do_norte_2021/index.html]
[backblue.gif]
[fade.gif]
[index.html]
[debatecompetitivo.herokuapp.com/open_do_norte_2021/POST]
[debatecompetitivo.herokuapp.com/open_do_norte_2021/index.html]
[debatecompetitivo.herokuapp.com/open_do_norte_2021/tab/team/BI/index.html]
[debatecompetitivo.herokuapp.com/open_do_norte_2021/POST.html]
[debatecompetitivo.herokuapp.com/open_do_norte_2021/tab/team/index.html]
[debatecompetitivo.herokuapp.com/open_do_norte_2021/tab/speaker/Pro/index.html]
[debatecompetitivo.herokuapp.com/open_do_norte_2021/tab/speaker/index.html]
[debatecompetitivo.herokuapp.com/open_do_norte_2021/tab/team/index.html]
[debatecompetitivo.herokuapp.com/open_do_norte_2021/tab/speaker/Am/index.html]
[debatecompetitivo.herokuapp.com/open_do_norte_2021/motions/statistics/index.html]
[debatecompetitivo.herokuapp.com/open_do_norte_2021/checkins/status/people/index.html]
[debatecompetitivo.herokuapp.com/open_do_norte_2021/results/round/1/index.html]
[debatecompetitivo.herokuapp.com/open_do_norte_2021/results/round/2/index.html]
[debatecompetitivo.herokuapp.com/open_do_norte_2021/tab/team/BI/POST.2.delayed]
[debatecompetitivo.herokuapp.com/open_do_norte_2021/tab/team/BI/index.html]
[debatecompetitivo.herokuapp.com/open_do_norte_2021/results/round/4/index.html]
[debatecompetitivo.herokuapp.com/open_do_norte_2021/results/round/3/index.html]
[debatecompetitivo.herokuapp.com/open_do_norte_2021/results/round/5/index.html]
[debatecompetitivo.herokuapp.com/open_do_norte_2021/results/round/6/index.html]
[debatecompetitivo.herokuapp.com/open_do_norte_2021/tab/speaker/index.html]
[debatecompetitivo.herokuapp.com/open_do_norte_2021/results/round/7/index.html]
[debatecompetitivo.herokuapp.com/open_do_norte_2021/participants/list/index.html]
[debatecompetitivo.herokuapp.com/open_do_norte_2021/participants/institutions/index.html]
[debatecompetitivo.herokuapp.com/open_do_norte_2021/feedback/progress/index.html]
[debatecompetitivo.herokuapp.com/open_do_norte_2021/tab/speaker/Pro/POST]
[debatecompetitivo.herokuapp.com/open_do_norte_2021/tab/speaker/Pro/index.html]
[debatecompetitivo.herokuapp.com/open_do_norte_2021/results/index.html]
[debatecompetitivo.herokuapp.com/open_do_norte_2021/donations/index.html]
[debatecompetitivo.herokuapp.com/open_do_norte_2021/tab/team/POST/index.html]
[debatecompetitivo.herokuapp.com/open_do_norte_2021/motions/index.html]
[debatecompetitivo.herokuapp.com/open_do_norte_2021/tab/speaker/POST/index.html]
[debatecompetitivo.herokuapp.com/open_do_norte_2021/tab/speaker/Am/POST.5.delayed]
[debatecompetitivo.herokuapp.com/open_do_norte_2021/tab/speaker/Am/index.html]
[debatecompetitivo.herokuapp.com/open_do_norte_2021/motions/statistics/POST]
[debatecompetitivo.herokuapp.com/open_do_norte_2021/motions/statistics/index.html]
[debatecompetitivo.herokuapp.com/open_do_norte_2021/checkins/status/people/POST]
[debatecompetitivo.herokuapp.com/open_do_norte_2021/checkins/status/people/index.html]
[debatecompetitivo.herokuapp.com/open_do_norte_2021/results/round/1/POST]
[debatecompetitivo.herokuapp.com/open_do_norte_2021/results/round/1/index.html]
[debatecompetitivo.herokuapp.com/open_do_norte_2021/results/round/1/index95e1.html]
[debatecompetitivo.herokuapp.com/open_do_norte_2021/results/round/2/POST.9.delayed]
[debatecompetitivo.herokuapp.com/open_do_norte_2021/results/round/2/index.html]
[debatecompetitivo.herokuapp.com/open_do_norte_2021/results/round/1/index47c9.html]
[debatecompetitivo.herokuapp.com/open_do_norte_2021/results/round/2/index95e1.html]
[debatecompetitivo.herokuapp.com/open_do_norte_2021/results/round/3/POST.a.delayed]
[debatecompetitivo.herokuapp.com/open_do_norte_2021/results/round/3/index.html]
[debatecompetitivo.herokuapp.com/open_do_norte_2021/results/round/2/index47c9.html]
[debatecompetitivo.herokuapp.com/open_do_norte_2021/results/round/4/POST]
[debatecompetitivo.herokuapp.com/open_do_norte_2021/results/round/4/index.html]
[debatecompetitivo.herokuapp.com/open_do_norte_2021/results/round/3/index95e1.html]
[debatecompetitivo.herokuapp.com/open_do_norte_2021/results/round/3/index47c9.html]
[debatecompetitivo.herokuapp.com/open_do_norte_2021/results/round/4/index95e1.html]
[debatecompetitivo.herokuapp.com/open_do_norte_2021/results/round/4/index47c9.html]
[debatecompetitivo.herokuapp.com/open_do_norte_2021/results/round/5/POST.c.delayed]
[debatecompetitivo.herokuapp.com/open_do_norte_2021/results/round/5/index.html]
[debatecompetitivo.herokuapp.com/open_do_norte_2021/results/round/5/index95e1.html]
[debatecompetitivo.herokuapp.com/open_do_norte_2021/results/round/6/POST.d.delayed]
[debatecompetitivo.herokuapp.com/open_do_norte_2021/results/round/6/index.html]
[debatecompetitivo.herokuapp.com/open_do_norte_2021/results/round/5/index47c9.html]
[debatecompetitivo.herokuapp.com/open_do_norte_2021/results/round/6/index95e1.html]
[debatecompetitivo.herokuapp.com/open_do_norte_2021/results/round/6/index47c9.html]
[debatecompetitivo.herokuapp.com/open_do_norte_2021/results/round/7/POST.e.delayed]
[debatecompetitivo.herokuapp.com/open_do_norte_2021/results/round/7/index.html]
[debatecompetitivo.herokuapp.com/open_do_norte_2021/results/round/7/index95e1.html]
[debatecompetitivo.herokuapp.com/open_do_norte_2021/participants/list/POST]
[debatecompetitivo.herokuapp.com/open_do_norte_2021/participants/list/index.html]
[debatecompetitivo.herokuapp.com/open_do_norte_2021/participants/institutions/POST]
[debatecompetitivo.herokuapp.com/open_do_norte_2021/participants/institutions/index.html]
[debatecompetitivo.herokuapp.com/open_do_norte_2021/results/round/7/index47c9.html]
[debatecompetitivo.herokuapp.com/open_do_norte_2021/feedback/progress/POST]
[debatecompetitivo.herokuapp.com/open_do_norte_2021/feedback/progress/index.html]
[debatecompetitivo.herokuapp.com/open_do_norte_2021/results/POST]
[debatecompetitivo.herokuapp.com/open_do_norte_2021/results/index.html]
[debatecompetitivo.herokuapp.com/open_do_norte_2021/motions/POST]
[debatecompetitivo.herokuapp.com/open_do_norte_2021/motions/index.html]
[debatecompetitivo.herokuapp.com/open_do_norte_2021/donations/POST]
[debatecompetitivo.herokuapp.com/open_do_norte_2021/donations/index.html]
[debatecompetitivo.herokuapp.com/open_do_norte_2021/tab/team/POST/index.html]
[debatecompetitivo.herokuapp.com/open_do_norte_2021/tab/team/BI/POST.html]
[debatecompetitivo.herokuapp.com/open_do_norte_2021/tab/speaker/POST/index.html]
[debatecompetitivo.herokuapp.com/open_do_norte_2021/tab/speaker/Pro/POST.html]
[debatecompetitivo.herokuapp.com/open_do_norte_2021/tab/speaker/Am/POST.html]
[debatecompetitivo.herokuapp.com/open_do_norte_2021/motions/statistics/POST.html]
[debatecompetitivo.herokuapp.com/open_do_norte_2021/checkins/status/people/POST.html]
[debatecompetitivo.herokuapp.com/open_do_norte_2021/results/round/1/POST.html]
[debatecompetitivo.herokuapp.com/open_do_norte_2021/results/round/1/index95e1.html]
[debatecompetitivo.herokuapp.com/open_do_norte_2021/results/round/1/index47c9.html]
[debatecompetitivo.herokuapp.com/open_do_norte_2021/results/round/2/POST.html]
[debatecompetitivo.herokuapp.com/open_do_norte_2021/results/round/2/index95e1.html]
[debatecompetitivo.herokuapp.com/open_do_norte_2021/results/round/2/index47c9.html]
[debatecompetitivo.herokuapp.com/open_do_norte_2021/results/round/3/POST.html]
[debatecompetitivo.herokuapp.com/open_do_norte_2021/results/round/3/index95e1.html]
[debatecompetitivo.herokuapp.com/open_do_norte_2021/results/round/3/index47c9.html]
[debatecompetitivo.herokuapp.com/open_do_norte_2021/results/round/4/POST.html]
[debatecompetitivo.herokuapp.com/open_do_norte_2021/results/round/4/index95e1.html]
[debatecompetitivo.herokuapp.com/open_do_norte_2021/results/round/4/index47c9.html]
[debatecompetitivo.herokuapp.com/open_do_norte_2021/results/round/5/POST.html]
[debatecompetitivo.herokuapp.com/open_do_norte_2021/results/round/5/index95e1.html]
[debatecompetitivo.herokuapp.com/open_do_norte_2021/results/round/5/index47c9.html]
[debatecompetitivo.herokuapp.com/open_do_norte_2021/results/round/6/POST.html]
[debatecompetitivo.herokuapp.com/open_do_norte_2021/results/round/6/index95e1.html]
[debatecompetitivo.herokuapp.com/open_do_norte_2021/results/round/6/index47c9.html]
[debatecompetitivo.herokuapp.com/open_do_norte_2021/results/round/7/POST.html]
[debatecompetitivo.herokuapp.com/open_do_norte_2021/results/round/7/index95e1.html]
[debatecompetitivo.herokuapp.com/open_do_norte_2021/results/round/7/index47c9.html]
[debatecompetitivo.herokuapp.com/open_do_norte_2021/participants/list/POST.html]
[debatecompetitivo.herokuapp.com/open_do_norte_2021/participants/institutions/POST.html]
[debatecompetitivo.herokuapp.com/open_do_norte_2021/feedback/progress/POST.html]
[debatecompetitivo.herokuapp.com/open_do_norte_2021/results/POST.html]
[debatecompetitivo.herokuapp.com/open_do_norte_2021/motions/POST.html]
[debatecompetitivo.herokuapp.com/open_do_norte_2021/donations/POST.html]
