[debatecompetitivo.herokuapp.com/interno_verao_adaum_2023/index.html]
[backblue.gif]
[fade.gif]
[index.html]
[debatecompetitivo.herokuapp.com/interno_verao_adaum_2023/POST]
[debatecompetitivo.herokuapp.com/interno_verao_adaum_2023/index.html]
[debatecompetitivo.herokuapp.com/interno_verao_adaum_2023/tab/team/index.html]
[debatecompetitivo.herokuapp.com/interno_verao_adaum_2023/POST.html]
[debatecompetitivo.herokuapp.com/interno_verao_adaum_2023/tab/speaker/index.html]
[debatecompetitivo.herokuapp.com/interno_verao_adaum_2023/motions/statistics/index.html]
[debatecompetitivo.herokuapp.com/interno_verao_adaum_2023/results/round/1/index.html]
[debatecompetitivo.herokuapp.com/interno_verao_adaum_2023/results/round/2/index.html]
[debatecompetitivo.herokuapp.com/interno_verao_adaum_2023/tab/team/index.html]
[debatecompetitivo.herokuapp.com/interno_verao_adaum_2023/results/round/3/index.html]
[debatecompetitivo.herokuapp.com/interno_verao_adaum_2023/results/round/4/index.html]
[debatecompetitivo.herokuapp.com/interno_verao_adaum_2023/results/round/5/index.html]
[debatecompetitivo.herokuapp.com/interno_verao_adaum_2023/tab/speaker/index.html]
[debatecompetitivo.herokuapp.com/interno_verao_adaum_2023/results/index.html]
[debatecompetitivo.herokuapp.com/interno_verao_adaum_2023/motions/index.html]
[debatecompetitivo.herokuapp.com/interno_verao_adaum_2023/donations/index.html]
[debatecompetitivo.herokuapp.com/interno_verao_adaum_2023/tab/team/POST/index.html]
[debatecompetitivo.herokuapp.com/interno_verao_adaum_2023/tab/speaker/POST/index.html]
[debatecompetitivo.herokuapp.com/interno_verao_adaum_2023/motions/statistics/POST.3.delayed]
[debatecompetitivo.herokuapp.com/interno_verao_adaum_2023/motions/statistics/index.html]
[debatecompetitivo.herokuapp.com/interno_verao_adaum_2023/results/round/1/POST]
[debatecompetitivo.herokuapp.com/interno_verao_adaum_2023/results/round/1/index.html]
[debatecompetitivo.herokuapp.com/interno_verao_adaum_2023/results/round/1/index95e1.html]
[debatecompetitivo.herokuapp.com/interno_verao_adaum_2023/results/round/2/POST.5.delayed]
[debatecompetitivo.herokuapp.com/interno_verao_adaum_2023/results/round/2/index.html]
[debatecompetitivo.herokuapp.com/interno_verao_adaum_2023/results/round/3/POST.6.delayed]
[debatecompetitivo.herokuapp.com/interno_verao_adaum_2023/results/round/3/index.html]
[debatecompetitivo.herokuapp.com/interno_verao_adaum_2023/results/round/3/index95e1.html]
[debatecompetitivo.herokuapp.com/interno_verao_adaum_2023/results/round/4/POST.7.delayed]
[debatecompetitivo.herokuapp.com/interno_verao_adaum_2023/results/round/4/index.html]
[debatecompetitivo.herokuapp.com/interno_verao_adaum_2023/results/round/3/index47c9.html]
[debatecompetitivo.herokuapp.com/interno_verao_adaum_2023/results/round/5/POST.8.delayed]
[debatecompetitivo.herokuapp.com/interno_verao_adaum_2023/results/round/5/index.html]
[debatecompetitivo.herokuapp.com/interno_verao_adaum_2023/results/round/4/index95e1.html]
[debatecompetitivo.herokuapp.com/interno_verao_adaum_2023/results/round/5/index95e1.html]
[debatecompetitivo.herokuapp.com/interno_verao_adaum_2023/results/round/4/index47c9.html]
[debatecompetitivo.herokuapp.com/interno_verao_adaum_2023/results/round/5/index47c9.html]
[debatecompetitivo.herokuapp.com/interno_verao_adaum_2023/results/POST.9.delayed]
[debatecompetitivo.herokuapp.com/interno_verao_adaum_2023/results/index.html]
[debatecompetitivo.herokuapp.com/interno_verao_adaum_2023/motions/POST]
[debatecompetitivo.herokuapp.com/interno_verao_adaum_2023/motions/index.html]
[debatecompetitivo.herokuapp.com/interno_verao_adaum_2023/donations/POST]
[debatecompetitivo.herokuapp.com/interno_verao_adaum_2023/donations/index.html]
[debatecompetitivo.herokuapp.com/interno_verao_adaum_2023/tab/team/POST/index.html]
[debatecompetitivo.herokuapp.com/interno_verao_adaum_2023/tab/speaker/POST/index.html]
[debatecompetitivo.herokuapp.com/interno_verao_adaum_2023/motions/statistics/POST.html]
[debatecompetitivo.herokuapp.com/interno_verao_adaum_2023/results/round/1/POST.html]
[debatecompetitivo.herokuapp.com/interno_verao_adaum_2023/results/round/1/index95e1.html]
[debatecompetitivo.herokuapp.com/interno_verao_adaum_2023/results/round/2/POST.html]
[debatecompetitivo.herokuapp.com/interno_verao_adaum_2023/results/round/3/POST.html]
[debatecompetitivo.herokuapp.com/interno_verao_adaum_2023/results/round/3/index95e1.html]
[debatecompetitivo.herokuapp.com/interno_verao_adaum_2023/results/round/3/index47c9.html]
[debatecompetitivo.herokuapp.com/interno_verao_adaum_2023/results/round/4/POST.html]
[debatecompetitivo.herokuapp.com/interno_verao_adaum_2023/results/round/4/index95e1.html]
[debatecompetitivo.herokuapp.com/interno_verao_adaum_2023/results/round/4/index47c9.html]
[debatecompetitivo.herokuapp.com/interno_verao_adaum_2023/results/round/5/POST.html]
[debatecompetitivo.herokuapp.com/interno_verao_adaum_2023/results/round/5/index95e1.html]
[debatecompetitivo.herokuapp.com/interno_verao_adaum_2023/results/round/5/index47c9.html]
[debatecompetitivo.herokuapp.com/interno_verao_adaum_2023/results/POST.html]
[debatecompetitivo.herokuapp.com/interno_verao_adaum_2023/motions/POST.html]
[debatecompetitivo.herokuapp.com/interno_verao_adaum_2023/donations/POST.html]
[debatecompetitivo.herokuapp.com/interno_verao_adaum_2023/results/round/1/index47c9.html]
[debatecompetitivo.herokuapp.com/interno_verao_adaum_2023/results/round/1/index47c9.html]
[debatecompetitivo.herokuapp.com/interno_verao_adaum_2023/results/round/2/index95e1.html]
[debatecompetitivo.herokuapp.com/interno_verao_adaum_2023/results/round/2/index95e1.html]
[debatecompetitivo.herokuapp.com/interno_verao_adaum_2023/results/round/2/index47c9.html]
[debatecompetitivo.herokuapp.com/interno_verao_adaum_2023/results/round/2/index47c9.html]
